#-----------------------------------------------------------
# Vivado v2018.2 (64-bit)
# SW Build 2258646 on Thu Jun 14 20:02:38 MDT 2018
# IP Build 2256618 on Thu Jun 14 22:10:49 MDT 2018
# Start of session at: Tue Feb 25 11:32:10 2020
# Process ID: 28416
# Current directory: /home/andrew/.doom.d
# Command line: vivado
# Log file: /home/andrew/.doom.d/vivado.log
# Journal file: /home/andrew/.doom.d/vivado.jou
#-----------------------------------------------------------
start_gui
open_project /home/andrew/CM_Kintex_FW/proj/top.xpr
update_compile_order -fileset sources_1
create_bd_design "design_1"
update_compile_order -fileset sources_1
ipx::package_project -root_dir /home/andrew/CM_Kintex_FW/tmp -vendor user.org -library user -taxonomy /UserIP -import_files -set_current false
# Disabling source management mode.  This is to allow the top design properties to be set without GUI intervention.
set_property source_mgmt_mode None [current_project]
set_property top gbt_ic_rx [current_fileset]
# Re-enabling previously disabled source management mode.
set_property source_mgmt_mode All [current_project]
update_compile_order -fileset sources_1
# Disabling source management mode.  This is to allow the top design properties to be set without GUI intervention.
set_property source_mgmt_mode None [current_project]
set_property top lpgbt_top [current_fileset]
# Re-enabling previously disabled source management mode.
set_property source_mgmt_mode All [current_project]
update_compile_order -fileset sources_1
ipx::package_project -root_dir /home/andrew/CM_Kintex_FW/tmp -vendor user.org -library user -taxonomy /UserIP -import_files -set_current false
add_files -norecurse /home/andrew/CM_Kintex_FW/src/test.vhd
update_compile_order -fileset sources_1
# Disabling source management mode.  This is to allow the top design properties to be set without GUI intervention.
set_property source_mgmt_mode None [current_project]
set_property top test [current_fileset]
# Re-enabling previously disabled source management mode.
set_property source_mgmt_mode All [current_project]
update_compile_order -fileset sources_1
# Disabling source management mode.  This is to allow the top design properties to be set without GUI intervention.
set_property source_mgmt_mode None [current_project]
set_property top top [current_fileset]
# Re-enabling previously disabled source management mode.
set_property source_mgmt_mode All [current_project]
update_compile_order -fileset sources_1
launch_runs impl_1 -to_step write_bitstream -jobs 8
wait_on_run impl_1
open_run impl_1
